<< CAP LS
<< NICK cbernaze
<< USER cbernaze cbernaze irc.dal.net :Clement BERNAZEAU
>> :choopa.nj.us.dal.net NOTICE AUTH :*** Looking up your hostname...
>> :choopa.nj.us.dal.net NOTICE AUTH :*** Checking Ident
>> :choopa.nj.us.dal.net NOTICE AUTH :*** Couldn't look up your hostname
>> :choopa.nj.us.dal.net NOTICE AUTH :*** No Ident response
>> :choopa.nj.us.dal.net 001 cbernaze :Welcome to the DALnet IRC Network cbernaze!~cbernaze@62.210.33.242
<< MODE cbernaze +i
>> :choopa.nj.us.dal.net 002 cbernaze :Your host is choopa.nj.us.dal.net, running version bahamut-2.2.2
>> :choopa.nj.us.dal.net 003 cbernaze :This server was created Tue Aug 23 2022 at 00:35:14 EDT
>> :choopa.nj.us.dal.net 004 cbernaze choopa.nj.us.dal.net bahamut-2.2.2 aAbcCdefFghHiIjkKmnoOPrRsSwxXy AbceiIjklLmMnoOpPrRsStv beIjklov
>> :choopa.nj.us.dal.net 005 cbernaze NETWORK=DALnet SAFELIST MAXBANS=200 MAXCHANNELS=20 CHANNELLEN=32 KICKLEN=307 NICKLEN=30 TOPICLEN=307 MODES=6 CHANTYPES=# CHANLIMIT=#:20 PREFIX=(ohv)@%+ STATUSMSG=@%+ :are available on this server
>> :choopa.nj.us.dal.net 005 cbernaze CASEMAPPING=ascii WATCH=128 SILENCE=10 ELIST=cmntu EXCEPTS INVEX CHANMODES=beI,k,jl,ciPAmMnOprRsSt MAXLIST=b:200,e:100,I:100 TARGMAX=DCCALLOW:,JOIN:,KICK:4,KILL:20,NOTICE:20,PART:,PRIVMSG:20,WHOIS:,WHOWAS: :are available on this server
>> :choopa.nj.us.dal.net 251 cbernaze :There are 65 users and 7153 invisible on 37 servers
>> :choopa.nj.us.dal.net 252 cbernaze 80 :IRC Operators online
>> :choopa.nj.us.dal.net 254 cbernaze 3732 :channels formed
>> :choopa.nj.us.dal.net 255 cbernaze :I have 228 clients and 1 servers
>> :choopa.nj.us.dal.net 265 cbernaze :Current local users: 228 Max: 2193
>> :choopa.nj.us.dal.net 266 cbernaze :Current global users: 7218 Max: 12809
>> :choopa.nj.us.dal.net NOTICE cbernaze :*** Notice -- motd was last changed at 16/3/2021 11:13
>> :choopa.nj.us.dal.net 375 cbernaze :- choopa.nj.us.dal.net Message of the Day - 
>> :choopa.nj.us.dal.net 372 cbernaze :-16/3/2021 11:13
>> :choopa.nj.us.dal.net 372 cbernaze :- Welcome to choopa.nj.us.dal.net!
>> :choopa.nj.us.dal.net 372 cbernaze :- 
>> :choopa.nj.us.dal.net 372 cbernaze :-   .,-:::::   ::   .:      ...         ...   ::::::::::. :::.
>> :choopa.nj.us.dal.net 372 cbernaze :- ,;;;'````'  ,;;   ;;,  .;;;;;;;.   .;;;;;;;. `;;;```.;;;;;`;;
>> :choopa.nj.us.dal.net 372 cbernaze :- [[[        ,[[[,,,[[[ ,[[     \[[,,[[     \[[,`]]nnn]]',[[ '[[,
>> :choopa.nj.us.dal.net 372 cbernaze :- $$$        "$$$"""$$$ $$$,     $$$$$$,     $$$ $$$""  c$$$cc$$$c
>> :choopa.nj.us.dal.net 372 cbernaze :- `88bo,__,o, 888   "88o"888,_ _,88P"888,_ _,88P 888o    888   888,
>> :choopa.nj.us.dal.net 372 cbernaze :-   "YUMMMMMP"MMM    YMM  "YMMMMMP"   "YMMMMMP"  YMMMb   YMM   ""`
>> :choopa.nj.us.dal.net 372 cbernaze :- 
>> :choopa.nj.us.dal.net 372 cbernaze :- Server generously sponsored by http://www.choopa.com/
>> :choopa.nj.us.dal.net 372 cbernaze :- 
>> :choopa.nj.us.dal.net 372 cbernaze :- By connecting to this server you agree to be bound by the terms put forth
>> :choopa.nj.us.dal.net 372 cbernaze :- in DALnet's Acceptable Use Policy (http://www.dal.net/aup/)
>> :choopa.nj.us.dal.net 372 cbernaze :- 
>> :choopa.nj.us.dal.net 372 cbernaze :- For questions; please contact choopa-staff@dal.net
>> :choopa.nj.us.dal.net 376 cbernaze :End of /MOTD command.
>> :choopa.nj.us.dal.net NOTICE cbernaze :*** Notice -- This server runs an open proxy monitor to prevent abuse.
>> :choopa.nj.us.dal.net NOTICE cbernaze :*** Notice -- If you see connections on various ports from 108.61.240.240
>> :choopa.nj.us.dal.net NOTICE cbernaze :*** Notice -- please disregard them, as they are the monitor in action.
>> :choopa.nj.us.dal.net NOTICE cbernaze :*** Notice -- For more information please visit kline.dal.net/proxy/wingate.htm
>> :cbernaze MODE cbernaze :+iH
<< PING choopa.nj.us.dal.net
>> :choopa.nj.us.dal.net PONG choopa.nj.us.dal.net :cbernaze
--> lag pong
<< NICK lapolis
>> :cbernaze!~cbernaze@4a33-efab-90f8-df58-57a0.210.62.ip NICK :lapolis
<< PING choopa.nj.us.dal.net
>> :choopa.nj.us.dal.net PONG choopa.nj.us.dal.net :lapolis
--> lag pong
<< PING choopa.nj.us.dal.net
>> :choopa.nj.us.dal.net PONG choopa.nj.us.dal.net :lapolis
--> lag pong
<< PING choopa.nj.us.dal.net
>> :choopa.nj.us.dal.net PONG choopa.nj.us.dal.net :lapolis
--> lag pong
<< PING choopa.nj.us.dal.net
>> :choopa.nj.us.dal.net PONG choopa.nj.us.dal.net :lapolis
--> lag pong
<< PING choopa.nj.us.dal.net
>> :choopa.nj.us.dal.net PONG choopa.nj.us.dal.net :lapolis
--> lag pong
<< PING choopa.nj.us.dal.net
>> :choopa.nj.us.dal.net PONG choopa.nj.us.dal.net :lapolis
--> lag pong
<< PING choopa.nj.us.dal.net
>> :choopa.nj.us.dal.net PONG choopa.nj.us.dal.net :lapolis
--> lag pong
<< PING choopa.nj.us.dal.net
>> :choopa.nj.us.dal.net PONG choopa.nj.us.dal.net :lapolis
--> lag pong
<< PING choopa.nj.us.dal.net
>> :choopa.nj.us.dal.net PONG choopa.nj.us.dal.net :lapolis
--> lag pong
<< PING choopa.nj.us.dal.net
>> :choopa.nj.us.dal.net PONG choopa.nj.us.dal.net :lapolis
--> lag pong
<< PING choopa.nj.us.dal.net
>> :choopa.nj.us.dal.net PONG choopa.nj.us.dal.net :lapolis
--> lag pong
<< PING choopa.nj.us.dal.net
>> :choopa.nj.us.dal.net PONG choopa.nj.us.dal.net :lapolis
--> lag pong
<< PING choopa.nj.us.dal.net
>> :choopa.nj.us.dal.net PONG choopa.nj.us.dal.net :lapolis
--> lag pong
<< PING choopa.nj.us.dal.net
>> :choopa.nj.us.dal.net PONG choopa.nj.us.dal.net :lapolis
--> lag pong
<< PING choopa.nj.us.dal.net
>> :choopa.nj.us.dal.net PONG choopa.nj.us.dal.net :lapolis
--> lag pong
<< PING choopa.nj.us.dal.net
>> :choopa.nj.us.dal.net PONG choopa.nj.us.dal.net :lapolis
--> lag pong
<< PING choopa.nj.us.dal.net
>> :choopa.nj.us.dal.net PONG choopa.nj.us.dal.net :lapolis
--> lag pong
<< PING choopa.nj.us.dal.net
>> :choopa.nj.us.dal.net PONG choopa.nj.us.dal.net :lapolis
--> lag pong
<< PING choopa.nj.us.dal.net
>> :choopa.nj.us.dal.net PONG choopa.nj.us.dal.net :lapolis
--> lag pong
